MaterialApp
 │ state: _MaterialAppState#6453b
 │
 └─ScrollConfiguration
   │ behavior: _MaterialScrollBehavior
   │
   └─AnimatedTheme
     │ duration: 200ms
     │ state: _AnimatedThemeState#b4f4d(ticker inactive,
     │   ThemeDataTween(ThemeData#80837(buttonTheme:
     │   ButtonThemeData#8a6d6(buttonColor: Color(0xffe0e0e0),
     │   colorScheme: ColorScheme#f9640(primary: MaterialColor(primary
     │   value: Color(0xff2196f3)), primaryVariant: Color(0xff1976d2),
     │   secondary: Color(0xff2196f3), secondaryVariant:
     │   Color(0xff1976d2), background: Color(0xff90caf9), error:
     │   Color(0xffd32f2f), onSecondary: Color(0xffffffff),
     │   onBackground: Color(0xffffffff)), materialTapTargetSize:
     │   MaterialTapTargetSize.padded), textTheme: TextTheme#bcfcd,
     │   primaryTextTheme: TextTheme#29b10(display4:
     │   TextStyle(debugLabel: whiteMountainView display4, inherit:
     │   true, color: Color(0xb3ffffff), family: Roboto, decoration:
     │   TextDecoration.none), display3: TextStyle(debugLabel:
     │   whiteMountainView display3, inherit: true, color:
     │   Color(0xb3ffffff), family: Roboto, decoration:
     │   TextDecoration.none), display2: TextStyle(debugLabel:
     │   whiteMountainView display2, inherit: true, color:
     │   Color(0xb3ffffff), family: Roboto, decoration:
     │   TextDecoration.none), display1: TextStyle(debugLabel:
     │   whiteMountainView display1, inherit: true, color:
     │   Color(0xb3ffffff), family: Roboto, decoration:
     │   TextDecoration.none), headline: TextStyle(debugLabel:
     │   whiteMountainView headline, inherit: true, color:
     │   Color(0xffffffff), family: Roboto, decoration:
     │   TextDecoration.none), title: TextStyle(debugLabel:
     │   whiteMountainView title, inherit: true, color:
     │   Color(0xffffffff), family: Roboto, decoration:
     │   TextDecoration.none), subhead: TextStyle(debugLabel:
     │   whiteMountainView subhead, inherit: true, color:
     │   Color(0xffffffff), family: Roboto, decoration:
     │   TextDecoration.none), body2: TextStyle(debugLabel:
     │   whiteMountainView body2, inherit: true, color:
     │   Color(0xffffffff), family: Roboto, decoration:
     │   TextDecoration.none), body1: TextStyle(debugLabel:
     │   whiteMountainView body1, inherit: true, color:
     │   Color(0xffffffff), family: Roboto, decoration:
     │   TextDecoration.none), caption: TextStyle(debugLabel:
     │   whiteMountainView caption, inherit: true, color:
     │   Color(0xb3ffffff), family: Roboto, decoration:
     │   TextDecoration.none), button: TextStyle(debugLabel:
     │   whiteMountainView button, inherit: true, color:
     │   Color(0xffffffff), family: Roboto, decoration:
     │   TextDecoration.none), subtitle): TextStyle(debugLabel:
     │   whiteMountainView subtitle, inherit: true, color:
     │   Color(0xffffffff), family: Roboto, decoration:
     │   TextDecoration.none), overline: TextStyle(debugLabel:
     │   whiteMountainView overline, inherit: true, color:
     │   Color(0xffffffff), family: Roboto, decoration:
     │   TextDecoration.none)), accentTextTheme:
     │   TextTheme#29b10(display4: TextStyle(debugLabel:
     │   whiteMountainView display4, inherit: true, color:
     │   Color(0xb3ffffff), family: Roboto, decoration:
     │   TextDecoration.none), display3: TextStyle(debugLabel:
     │   whiteMountainView display3, inherit: true, color:
     │   Color(0xb3ffffff), family: Roboto, decoration:
     │   TextDecoration.none), display2: TextStyle(debugLabel:
     │   whiteMountainView display2, inherit: true, color:
     │   Color(0xb3ffffff), family: Roboto, decoration:
     │   TextDecoration.none), display1: TextStyle(debugLabel:
     │   whiteMountainView display1, inherit: true, color:
     │   Color(0xb3ffffff), family: Roboto, decoration:
     │   TextDecoration.none), headline: TextStyle(debugLabel:
     │   whiteMountainView headline, inherit: true, color:
     │   Color(0xffffffff), family: Roboto, decoration:
     │   TextDecoration.none), title: TextStyle(debugLabel:
     │   whiteMountainView title, inherit: true, color:
     │   Color(0xffffffff), family: Roboto, decoration:
     │   TextDecoration.none), subhead: TextStyle(debugLabel:
     │   whiteMountainView subhead, inherit: true, color:
     │   Color(0xffffffff), family: Roboto, decoration:
     │   TextDecoration.none), body2: TextStyle(debugLabel:
     │   whiteMountainView body2, inherit: true, color:
     │   Color(0xffffffff), family: Roboto, decoration:
     │   TextDecoration.none), body1: TextStyle(debugLabel:
     │   whiteMountainView body1, inherit: true, color:
     │   Color(0xffffffff), family: Roboto, decoration:
     │   TextDecoration.none), caption: TextStyle(debugLabel:
     │   whiteMountainView caption, inherit: true, color:
     │   Color(0xb3ffffff), family: Roboto, decoration:
     │   TextDecoration.none), button: TextStyle(debugLabel:
     │   whiteMountainView button, inherit: true, color:
     │   Color(0xffffffff), family: Roboto, decoration:
     │   TextDecoration.none), subtitle): TextStyle(debugLabel:
     │   whiteMountainView subtitle, inherit: true, color:
     │   Color(0xffffffff), family: Roboto, decoration:
     │   TextDecoration.none), overline: TextStyle(debugLabel:
     │   whiteMountainView overline, inherit: true, color:
     │   Color(0xffffffff), family: Roboto, decoration:
     │   TextDecoration.none)), inputDecorationTheme:
     │   InputDecorationTheme#6198d, iconTheme:
     │   IconThemeData#2abdc(color: Color(0xdd000000)),
     │   primaryIconTheme: IconThemeData#15fa8(color:
     │   Color(0xffffffff)), accentIconTheme: IconThemeData#15fa8(color:
     │   Color(0xffffffff)), sliderTheme: SliderThemeData#e4fab,
     │   tabBarTheme: TabBarTheme#e3dcc, cardTheme: CardTheme#b4e63,
     │   chipTheme: ChipThemeData#8cae4, materialTapTargetSize:
     │   MaterialTapTargetSize.padded, pageTransitionsTheme:
     │   PageTransitionsTheme#d4524) → null))
     │
     └─Theme
       │ data: ThemeData#80837(buttonTheme:
       │   ButtonThemeData#8a6d6(buttonColor: Color(0xffe0e0e0),
       │   colorScheme: ColorScheme#f9640(primary: MaterialColor(primary
       │   value: Color(0xff2196f3)), primaryVariant: Color(0xff1976d2),
       │   secondary: Color(0xff2196f3), secondaryVariant:
       │   Color(0xff1976d2), background: Color(0xff90caf9), error:
       │   Color(0xffd32f2f), onSecondary: Color(0xffffffff),
       │   onBackground: Color(0xffffffff)), materialTapTargetSize:
       │   MaterialTapTargetSize.padded), textTheme: TextTheme#bcfcd,
       │   primaryTextTheme: TextTheme#29b10(display4:
       │   TextStyle(debugLabel: whiteMountainView display4, inherit:
       │   true, color: Color(0xb3ffffff), family: Roboto, decoration:
       │   TextDecoration.none), display3: TextStyle(debugLabel:
       │   whiteMountainView display3, inherit: true, color:
       │   Color(0xb3ffffff), family: Roboto, decoration:
       │   TextDecoration.none), display2: TextStyle(debugLabel:
       │   whiteMountainView display2, inherit: true, color:
       │   Color(0xb3ffffff), family: Roboto, decoration:
       │   TextDecoration.none), display1: TextStyle(debugLabel:
       │   whiteMountainView display1, inherit: true, color:
       │   Color(0xb3ffffff), family: Roboto, decoration:
       │   TextDecoration.none), headline: TextStyle(debugLabel:
       │   whiteMountainView headline, inherit: true, color:
       │   Color(0xffffffff), family: Roboto, decoration:
       │   TextDecoration.none), title: TextStyle(debugLabel:
       │   whiteMountainView title, inherit: true, color:
       │   Color(0xffffffff), family: Roboto, decoration:
       │   TextDecoration.none), subhead: TextStyle(debugLabel:
       │   whiteMountainView subhead, inherit: true, color:
       │   Color(0xffffffff), family: Roboto, decoration:
       │   TextDecoration.none), body2: TextStyle(debugLabel:
       │   whiteMountainView body2, inherit: true, color:
       │   Color(0xffffffff), family: Roboto, decoration:
       │   TextDecoration.none), body1: TextStyle(debugLabel:
       │   whiteMountainView body1, inherit: true, color:
       │   Color(0xffffffff), family: Roboto, decoration:
       │   TextDecoration.none), caption: TextStyle(debugLabel:
       │   whiteMountainView caption, inherit: true, color:
       │   Color(0xb3ffffff), family: Roboto, decoration:
       │   TextDecoration.none), button: TextStyle(debugLabel:
       │   whiteMountainView button, inherit: true, color:
       │   Color(0xffffffff), family: Roboto, decoration:
       │   TextDecoration.none), subtitle): TextStyle(debugLabel:
       │   whiteMountainView subtitle, inherit: true, color:
       │   Color(0xffffffff), family: Roboto, decoration:
       │   TextDecoration.none), overline: TextStyle(debugLabel:
       │   whiteMountainView overline, inherit: true, color:
       │   Color(0xffffffff), family: Roboto, decoration:
       │   TextDecoration.none)), accentTextTheme:
       │   TextTheme#29b10(display4: TextStyle(debugLabel:
       │   whiteMountainView display4, inherit: true, color:
       │   Color(0xb3ffffff), family: Roboto, decoration:
       │   TextDecoration.none), display3: TextStyle(debugLabel:
       │   whiteMountainView display3, inherit: true, color:
       │   Color(0xb3ffffff), family: Roboto, decoration:
       │   TextDecoration.none), display2: TextStyle(debugLabel:
       │   whiteMountainView display2, inherit: true, color:
       │   Color(0xb3ffffff), family: Roboto, decoration:
       │   TextDecoration.none), display1: TextStyle(debugLabel:
       │   whiteMountainView display1, inherit: true, color:
       │   Color(0xb3ffffff), family: Roboto, decoration:
       │   TextDecoration.none), headline: TextStyle(debugLabel:
       │   whiteMountainView headline, inherit: true, color:
       │   Color(0xffffffff), family: Roboto, decoration:
       │   TextDecoration.none), title: TextStyle(debugLabel:
       │   whiteMountainView title, inherit: true, color:
       │   Color(0xffffffff), family: Roboto, decoration:
       │   TextDecoration.none), subhead: TextStyle(debugLabel:
       │   whiteMountainView subhead, inherit: true, color:
       │   Color(0xffffffff), family: Roboto, decoration:
       │   TextDecoration.none), body2: TextStyle(debugLabel:
       │   whiteMountainView body2, inherit: true, color:
       │   Color(0xffffffff), family: Roboto, decoration:
       │   TextDecoration.none), body1: TextStyle(debugLabel:
       │   whiteMountainView body1, inherit: true, color:
       │   Color(0xffffffff), family: Roboto, decoration:
       │   TextDecoration.none), caption: TextStyle(debugLabel:
       │   whiteMountainView caption, inherit: true, color:
       │   Color(0xb3ffffff), family: Roboto, decoration:
       │   TextDecoration.none), button: TextStyle(debugLabel:
       │   whiteMountainView button, inherit: true, color:
       │   Color(0xffffffff), family: Roboto, decoration:
       │   TextDecoration.none), subtitle): TextStyle(debugLabel:
       │   whiteMountainView subtitle, inherit: true, color:
       │   Color(0xffffffff), family: Roboto, decoration:
       │   TextDecoration.none), overline: TextStyle(debugLabel:
       │   whiteMountainView overline, inherit: true, color:
       │   Color(0xffffffff), family: Roboto, decoration:
       │   TextDecoration.none)), inputDecorationTheme:
       │   InputDecorationTheme#6198d, iconTheme:
       │   IconThemeData#2abdc(color: Color(0xdd000000)),
       │   primaryIconTheme: IconThemeData#15fa8(color:
       │   Color(0xffffffff)), accentIconTheme: IconThemeData#15fa8(color:
       │   Color(0xffffffff)), sliderTheme: SliderThemeData#e4fab,
       │   tabBarTheme: TabBarTheme#e3dcc, cardTheme: CardTheme#b4e63,
       │   chipTheme: ChipThemeData#8cae4, materialTapTargetSize:
       │   MaterialTapTargetSize.padded, pageTransitionsTheme:
       │   PageTransitionsTheme#d4524)
       │
       └─_InheritedTheme
         └─IconTheme
           │ data: IconThemeData#2abdc(color: Color(0xdd000000))
           │
           └─CupertinoTheme
             └─WidgetsApp-[GlobalObjectKey _MaterialAppState#6453b]
               │ state: _WidgetsAppState#7e7d5
               │
               └─MediaQuery
                 │ data: MediaQueryData(size: Size(800.0, 600.0), devicePixelRatio:
                 │   3.0, textScaleFactor: 1.0, padding: EdgeInsets.zero,
                 │   viewInsets: EdgeInsets.zero, alwaysUse24HourFormat: false,
                 │   accessibleNavigation: falsedisableAnimations:
                 │   falseinvertColors: falseboldText: false)
                 │
                 └─Localizations
                   │ locale: en_US
                   │ delegates: DefaultMaterialLocalizations.delegate(en_US),
                   │   DefaultCupertinoLocalizations.delegate(en_US),
                   │   DefaultWidgetsLocalizations.delegate(en_US)
                   │ state: _LocalizationsState#91264
                   │
                   └─Semantics
                     │ container: false
                     │ properties: SemanticsProperties
                     │ label: null
                     │ value: null
                     │ hint: null
                     │ textDirection: ltr
                     │ hintOverrides: null
                     │ renderObject: RenderSemanticsAnnotations#072f2
                     │
                     └─_LocalizationsScope-[GlobalKey#2b3e4]
                       └─Directionality
                         │ textDirection: ltr
                         │
                         └─Title
                           │ title: "Hello, World"
                           │ color: MaterialColor(primary value: Color(0xff2196f3))
                           │
                           └─CheckedModeBanner
                             │ "DEBUG"
                             │
                             └─Banner
                               │ message: "DEBUG"
                               │ textDirection: ltr
                               │ location: topEnd
                               │ color: Color(0xa0b71c1c)
                               │ text inherit: true
                               │ text color: Color(0xffffffff)
                               │ text size: 10.2
                               │ text weight: 900
                               │ text height: 1.0x
                               │
                               └─CustomPaint
                                 │ renderObject: RenderCustomPaint#12a7a
                                 │
                                 └─DefaultTextStyle
                                   │ debugLabel: fallback style; consider putting your text in a Material
                                   │ inherit: true
                                   │ color: Color(0xd0ff0000)
                                   │ family: monospace
                                   │ size: 48.0
                                   │ weight: 900
                                   │ decoration: double Color(0xffffff00) TextDecoration.underline
                                   │ softWrap: wrapping at box width
                                   │ overflow: clip
                                   │
                                   └─Navigator-[GlobalObjectKey<NavigatorState> _WidgetsAppState#7e7d5]
                                     │ state: NavigatorState#9145e(tickers: tracking 1 ticker)
                                     │
                                     └─Listener
                                       │ listeners: down, up, cancel
                                       │ behavior: deferToChild
                                       │ renderObject: RenderPointerListener#5548b
                                       │
                                       └─AbsorbPointer
                                         │ absorbing: false
                                         │ renderObject: RenderAbsorbPointer#9e54e
                                         │
                                         └─FocusScope
                                           │ state: _FocusScopeState#6b23b
                                           │
                                           └─Semantics
                                             │ container: false
                                             │ properties: SemanticsProperties
                                             │ label: null
                                             │ value: null
                                             │ hint: null
                                             │ hintOverrides: null
                                             │ renderObject: RenderSemanticsAnnotations#04d8a
                                             │
                                             └─_FocusScopeMarker
                                               └─Overlay-[LabeledGlobalKey<OverlayState>#08c29]
                                                 │ state: OverlayState#6b98f(entries: [OverlayEntry#5e60f(opaque:
                                                 │   false; maintainState: false), OverlayEntry#3f482(opaque: false;
                                                 │   maintainState: true)])
                                                 │
                                                 └─_Theatre
                                                   │ renderObject: _RenderTheatre#6e9c4
                                                   │
                                                   └─Stack
                                                     │ alignment: AlignmentDirectional.topStart
                                                     │ fit: expand
                                                     │ overflow: clip
                                                     │ renderObject: RenderStack#887bb
                                                     │
                                                     ├─_OverlayEntry-[LabeledGlobalKey<_OverlayEntryState>#47d0d]
                                                     │ │ state: _OverlayEntryState#52e37
                                                     │ │
                                                     │ └─IgnorePointer
                                                     │   │ ignoring: false
                                                     │   │ renderObject: RenderIgnorePointer#7b311
                                                     │   │
                                                     │   └─ModalBarrier
                                                     │     └─BlockSemantics
                                                     │       │ blocking: true
                                                     │       │ renderObject: RenderBlockSemantics#16035
                                                     │       │
                                                     │       └─ExcludeSemantics
                                                     │         │ excluding: true
                                                     │         │ renderObject: RenderExcludeSemantics#45f99
                                                     │         │
                                                     │         └─GestureDetector
                                                     │           │ startBehavior: down
                                                     │           │
                                                     │           └─RawGestureDetector
                                                     │             │ state: RawGestureDetectorState#d58b1(gestures: [tap], behavior: opaque)
                                                     │             │
                                                     │             └─_GestureSemantics
                                                     │               │ renderObject: RenderSemanticsGestureHandler#32b55
                                                     │               │
                                                     │               └─Listener
                                                     │                 │ listeners: down
                                                     │                 │ behavior: opaque
                                                     │                 │ renderObject: RenderPointerListener#e50cb
                                                     │                 │
                                                     │                 └─Semantics
                                                     │                   │ container: false
                                                     │                   │ properties: SemanticsProperties
                                                     │                   │ label: null
                                                     │                   │ value: null
                                                     │                   │ hint: null
                                                     │                   │ hintOverrides: null
                                                     │                   │ renderObject: RenderSemanticsAnnotations#ba8fb
                                                     │                   │
                                                     │                   └─ConstrainedBox
                                                     │                       constraints: BoxConstraints(biggest)
                                                     │                       renderObject: RenderConstrainedBox#cebc7
                                                     │
                                                     └─_OverlayEntry-[LabeledGlobalKey<_OverlayEntryState>#4d78e]
                                                       │ state: _OverlayEntryState#e2735
                                                       │
                                                       └─_ModalScope<dynamic>-[LabeledGlobalKey<_ModalScopeState<dynamic>>#e5ef3]
                                                         │ state: _ModalScopeState<dynamic>#79031
                                                         │
                                                         └─_ModalScopeStatus
                                                           │ isCurrent: active
                                                           │
                                                           └─Offstage
                                                             │ offstage: false
                                                             │ renderObject: RenderOffstage#55f5e
                                                             │
                                                             └─PageStorage
                                                               └─FocusScope
                                                                 │ state: _FocusScopeState#921e5
                                                                 │
                                                                 └─Semantics
                                                                   │ container: false
                                                                   │ properties: SemanticsProperties
                                                                   │ label: null
                                                                   │ value: null
                                                                   │ hint: null
                                                                   │ hintOverrides: null
                                                                   │ renderObject: RenderSemanticsAnnotations#a7788
                                                                   │
                                                                   └─_FocusScopeMarker
                                                                     └─RepaintBoundary
                                                                       │ renderObject: RenderRepaintBoundary#648be
                                                                       │
                                                                       └─AnimatedBuilder
                                                                         │ animation: Listenable.merge([AnimationController#1c849(⏭ 1.000;
                                                                         │   paused; for MaterialPageRoute<dynamic>(/))➩ProxyAnimation,
                                                                         │   kAlwaysDismissedAnimation➩ProxyAnimation➩ProxyAnimation])
                                                                         │ state: _AnimatedState#ab415
                                                                         │
                                                                         └─_FadeUpwardsPageTransition
                                                                           └─SlideTransition
                                                                             │ animation: AnimationController#1c849(⏭ 1.000; paused; for
                                                                             │   MaterialPageRoute<dynamic>(/))➩ProxyAnimation➩CurveTween(curve:
                                                                             │   Cubic(0.40, 0.00, 0.20, 1.00))➩Tween<Offset>(Offset(0.0, 0.3) →
                                                                             │   Offset(0.0, 0.0))➩Offset(0.0, 0.0)
                                                                             │ state: _AnimatedState#ffa81
                                                                             │
                                                                             └─FractionalTranslation
                                                                               │ renderObject: RenderFractionalTranslation#81ccb
                                                                               │
                                                                               └─FadeTransition
                                                                                 │ opacity: AnimationController#1c849(⏭ 1.000; paused; for
                                                                                 │   MaterialPageRoute<dynamic>(/))➩ProxyAnimation➩CurveTween(curve:
                                                                                 │   Cubic(0.42, 0.00, 1.00, 1.00))➩1.0
                                                                                 │ renderObject: RenderAnimatedOpacity#7cfc3
                                                                                 │
                                                                                 └─IgnorePointer
                                                                                   │ ignoring: false
                                                                                   │ renderObject: RenderIgnorePointer#e9102
                                                                                   │
                                                                                   └─RepaintBoundary-[GlobalKey#a2410]
                                                                                     │ renderObject: RenderRepaintBoundary#0c37b
                                                                                     │
                                                                                     └─Builder
                                                                                       └─Semantics
                                                                                         │ container: false
                                                                                         │ properties: SemanticsProperties
                                                                                         │ label: null
                                                                                         │ value: null
                                                                                         │ hint: null
                                                                                         │ hintOverrides: null
                                                                                         │ renderObject: RenderSemanticsAnnotations#544be
                                                                                         │
                                                                                         └─Scaffold
                                                                                             state: ScaffoldState#892c3(tickers: tracking 1 ticker)
